[22:23:33] [main/INFO]: Loading Minecraft 26.2 with Fabric Loader 0.19.3
[22:23:33] [main/INFO]: Mappings not present!
[22:23:33] [main/INFO]: Loading 56 mods:
	- brainagehud 1.0.3
	- brainagelib 1.0.1
	- cloth-config 26.2.155
	   \-- cloth-basic-math 0.6.1
	- fabric-api 0.156.0+26.2
	   |-- fabric-api-base 2.0.4+ece063239e
	   |-- fabric-api-lookup-api-v1 2.0.17+11e1c9a39e
	   |-- fabric-biome-api-v1 18.0.6+c7bd5b8e9e
	   |-- fabric-block-api-v1 3.0.3+ec56b6019e
	   |-- fabric-block-getter-api-v2 2.0.7+ec56b6019e
	   |-- fabric-command-api-v2 3.1.0+00cb03469e
	   |-- fabric-content-registries-v0 11.3.0+d0a699d09e
	   |-- fabric-convention-tags-v2 4.7.0+1f023a9e9e
	   |-- fabric-crash-report-info-v1 1.0.5+086d547a9e
	   |-- fabric-creative-tab-api-v1 5.0.14+d871b99e9e
	   |-- fabric-data-attachment-api-v1 2.2.18+515ac5339e
	   |-- fabric-data-generation-api-v1 25.5.0+aed122aa9e
	   |-- fabric-debug-api-v1 1.0.2+c792624d9e
	   |-- fabric-dimensions-v1 5.1.11+515ac5339e
	   |-- fabric-entity-events-v1 5.0.5+06488ac19e
	   |-- fabric-events-interaction-v0 5.2.7+515ac5339e
	   |-- fabric-game-rule-api-v1 4.0.8+46a6d00c9e
	   |-- fabric-item-api-v1 14.4.0+49a69a7b9e
	   |-- fabric-key-mapping-api-v1 2.0.5+e2bdee789e
	   |-- fabric-lifecycle-events-v1 4.1.3+4575b05f9e
	   |-- fabric-loot-api-v3 3.0.17+06488ac19e
	   |-- fabric-menu-api-v1 2.0.16+086d547a9e
	   |-- fabric-message-api-v1 7.0.7+086d547a9e
	   |-- fabric-model-loading-api-v1 8.0.16+c80601bb9e
	   |-- fabric-networking-api-v1 6.3.3+72073ef09e
	   |-- fabric-object-builder-api-v1 24.1.0+6fcd5f039e
	   |-- fabric-particles-v1 5.0.18+d1756aa99e
	   |-- fabric-permission-api-v1 1.0.4+536fad2f9e
	   |-- fabric-recipe-api-v1 9.0.20+11e1c9a39e
	   |-- fabric-registry-sync-v0 7.1.0+c7bd5b8e9e
	   |-- fabric-renderer-api-v1 14.1.3+2b0d8a229e
	   |-- fabric-renderer-indigo 9.1.3+2b0d8a229e
	   |-- fabric-rendering-fluids-v1 6.0.4+06488ac19e
	   |-- fabric-rendering-v1 25.3.2+515ac5339e
	   |-- fabric-resource-conditions-api-v1 6.1.0+10e9a28b9e
	   |-- fabric-resource-loader-v0 3.3.20+4fc5413f9e
	   |-- fabric-resource-loader-v1 2.0.13+9edec1269e
	   |-- fabric-screen-api-v1 5.1.0+48e3c0b09e
	   |-- fabric-serialization-api-v1 2.0.4+11a26f319e
	   |-- fabric-sound-api-v1 2.0.5+11a26f319e
	   |-- fabric-tag-api-v1 2.1.4+515ac5339e
	   |-- fabric-transfer-api-v1 8.0.12+11dbb7d79e
	   \-- fabric-transitive-access-wideners-v1 8.1.4+67c847259e
	- fabricloader 0.19.3
	   \-- mixinextras 0.5.4
	- hudrendererlib 1.0.7
	- java 25
	- minecraft 26.2
	- simplehomes 1.0.0
	- simpletpa 1.2.0
	- spawncommands 1.0.0
[22:23:33] [main/INFO]: SpongePowered MIXIN Subsystem Version=0.8.7 Source=file:/home/thomas/.gradle/caches/modules-2/files-2.1/net.fabricmc/sponge-mixin/0.17.3+mixin.0.8.7/41c4a3984a80f4679e759fb9f495587acc5cdac7/sponge-mixin-0.17.3+mixin.0.8.7.jar Service=Knot/Fabric Env=CLIENT
[22:23:33] [main/INFO]: Compatibility level set to JAVA_25
[22:23:34] [main/WARN]: Failed to load Vulkan loader
java.lang.UnsatisfiedLinkError: Failed to locate library: libvulkan.so.1
	at knot//org.lwjgl.system.Library.loadNative(Library.java:349)
	at knot//org.lwjgl.system.Library.loadNative(Library.java:239)
	at knot//org.lwjgl.system.Library.loadNative(Library.java:434)
	at knot//org.lwjgl.system.Library.loadNative(Library.java:402)
	at knot//org.lwjgl.vulkan.VK.create(VK.java:71)
	at knot//com.mojang.blaze3d.platform.NativeLibrariesBootstrap.tryLoadingVulkan(NativeLibrariesBootstrap.java:310)
	at knot//com.mojang.blaze3d.platform.NativeLibrariesBootstrap.loadLibraries(NativeLibrariesBootstrap.java:85)
	at knot//net.minecraft.client.main.Main.main(Main.java:142)
	at net.fabricmc.loader.impl.game.minecraft.MinecraftGameProvider.launch(MinecraftGameProvider.java:514)
	at net.fabricmc.loader.impl.launch.knot.Knot.launch(Knot.java:72)
	at net.fabricmc.loader.impl.launch.knot.KnotClient.main(KnotClient.java:23)
[22:23:35] [main/INFO]: Initializing MixinExtras via com.llamalad7.mixinextras.service.MixinExtrasServiceImpl(version=0.5.4).
[22:23:35] [main/WARN]: Did not find udev library in operating system. Some features may not work.
[22:23:36] [Datafixer Bootstrap #0/INFO]: 295 Datafixer optimizations took 407 milliseconds
[22:23:40] [main/INFO]: Completely ignored arguments: [/home/thomas/01_TM/Coding/Websites/brainage04.github.io/.local-icon-variants/round3/captures/runtime]
[22:23:40] [Render thread/INFO]: Environment: Environment[sessionHost=https://sessionserver.mojang.com, servicesHost=https://api.minecraftservices.com, profilesHost=https://api.mojang.com, name=PROD]
[22:23:40] [Render thread/INFO]: Setting user: IconCapture
[22:23:40] [Render thread/INFO]: BrainageLib initialising...
[22:23:40] [Render thread/INFO]: BrainageLib initialised.
[22:23:41] [Render thread/INFO]: HudRendererLib initialising...
[22:23:41] [Render thread/INFO]: HudRendererLib initialized.
[22:23:41] [Render thread/INFO]: SimpleHomes initialized with a maximum of 10 homes per player.
[22:23:41] [Render thread/INFO]: SimpleTPA initializing on Fabric...
[22:23:41] [Render thread/INFO]: SimpleTPA initialized.
[22:23:41] [Render thread/INFO]: SpawnCommands initialized.
[22:23:41] [Render thread/INFO]: BrainageHUD initialising...
[22:23:41] [Render thread/INFO]: BrainageHUD initialised.
[22:23:41] [Render thread/INFO]: [Indigo] Registering Indigo renderer!
[22:23:41] [Download-2/ERROR]: Failed to fetch user properties
com.mojang.authlib.exceptions.InvalidCredentialsException: Status: 401
	at knot//com.mojang.authlib.exceptions.MinecraftClientHttpException.toAuthenticationException(MinecraftClientHttpException.java:70)
	at knot//com.mojang.authlib.yggdrasil.YggdrasilUserApiService.fetchProperties(YggdrasilUserApiService.java:173)
	at knot//net.minecraft.client.Minecraft.lambda$new$1(Minecraft.java:438)
	at java.base/java.util.concurrent.CompletableFuture$AsyncSupply.run(CompletableFuture.java:1789)
	at java.base/java.util.concurrent.ThreadPoolExecutor.runWorker(ThreadPoolExecutor.java:1090)
	at java.base/java.util.concurrent.ThreadPoolExecutor$Worker.run(ThreadPoolExecutor.java:614)
	at java.base/java.lang.Thread.run(Thread.java:1474)
Caused by: MinecraftClientHttpException[type=HTTP_ERROR, status=401, response=ErrorResponse[path=/player/attributes, error=null, errorMessage=null, details=null]]
	at knot//com.mojang.authlib.minecraft.client.MinecraftClient.buildHttpException(MinecraftClient.java:170)
	at knot//com.mojang.authlib.minecraft.client.MinecraftClient.readServiceResponse(MinecraftClient.java:147)
	at knot//com.mojang.authlib.minecraft.client.MinecraftClient.getWithEtag(MinecraftClient.java:81)
	at knot//com.mojang.authlib.minecraft.client.MinecraftClient.get(MinecraftClient.java:65)
	at knot//com.mojang.authlib.yggdrasil.YggdrasilUserApiService.fetchProperties(YggdrasilUserApiService.java:123)
	... 5 more
[22:23:41] [Render thread/INFO]: Backend library: LWJGL version 3.4.1-snapshot
[22:23:41] [Render thread/INFO]: Using graphics backend OpenGL, using drivers: 4.6 (Core Profile) Mesa 26.1.8
[22:23:41] [Render thread/INFO]: Using graphics device: llvmpipe (LLVM 21.1.8, 256 bits) (Mesa)
[22:23:41] [Render thread/INFO]: Using graphics device extensions: GL_ARB_multi_draw_indirect, GL_ARB_buffer_storage, GL_ARB_shader_draw_parameters, GL_ARB_base_instance, GL_KHR_debug, GL_ARB_draw_indirect, GL_ARB_clip_control, GL_ARB_vertex_attrib_binding, GL_ARB_direct_state_access, GL_EXT_texture_filter_anisotropic
[22:23:42] [Render thread/ERROR]: Error while loading the narrator
com.mojang.text2speech.Narrator$InitializeException: Failed to load library flite
	at knot//com.mojang.text2speech.NarratorLinux$FliteLibrary.loadNative(NarratorLinux.java:82)
	at knot//com.mojang.text2speech.NarratorLinux.<init>(NarratorLinux.java:19)
	at knot//com.mojang.text2speech.Narrator.getNarrator(Narrator.java:41)
	at knot//net.minecraft.client.GameNarrator.<init>(GameNarrator.java:20)
	at knot//net.minecraft.client.Minecraft.<init>(Minecraft.java:733)
	at knot//net.minecraft.client.main.Main.main(Main.java:278)
	at net.fabricmc.loader.impl.game.minecraft.MinecraftGameProvider.launch(MinecraftGameProvider.java:514)
	at net.fabricmc.loader.impl.launch.knot.Knot.launch(Knot.java:72)
	at net.fabricmc.loader.impl.launch.knot.KnotClient.main(KnotClient.java:23)
Caused by: java.lang.UnsatisfiedLinkError: Unable to load library 'flite':
libflite.so: cannot open shared object file: No such file or directory
libflite.so: cannot open shared object file: No such file or directory
Native library (linux-x86-64/libflite.so) not found in resource path (/home/thomas/.gradle/caches/modules-2/files-2.1/me.shedaniel.cloth/cloth-config-fabric/26.2.155/babcf16dbd15e09d326e21ffe85ab3f7d843ef9e/cloth-config-fabric-26.2.155.jar:/home/thomas/.gradle/caches/modules-2/files-2.1/net.fabricmc/fabric-loader/0.19.3/354dfaa02d0552e11867f85dff7cdbfaf813ba3e/fabric-loader-0.19.3.jar:/home/thomas/.gradle/caches/modules-2/files-2.1/maven.modrinth/modmenu/20.0.1/8562dee49eae1a6bdd14b026be1b300aedb5ce0f/modmenu-20.0.1.jar:/home/thomas/.gradle/caches/modules-2/files-2.1/org.ow2.asm/asm/9.10.1/ada2141c0cc52ee8f5c48cd5fa4ce0e794f22236/asm-9.10.1.jar:/home/thomas/.gradle/caches/modules-2/files-2.1/org.ow2.asm/asm-analysis/9.10.1/8d49f14d51f632cb1d87c88d1ceaf50db0d8af1b/asm-analysis-9.10.1.jar:/home/thomas/.gradle/caches/modules-2/files-2.1/org.ow2.asm/asm-commons/9.10.1/4229e4c55fd8e01c23f9fe9884075cc628aacc50/asm-commons-9.10.1.jar:/home/thomas/.gradle/caches/modules-2/files-2.1/org.ow2.asm/asm-tree/9.10.1/e244332a17564c1d1572449399a842de35881be2/asm-tree-9.10.1.jar:/home/thomas/.gradle/caches/modules-2/files-2.1/org.ow2.asm/asm-util/9.10.1/7bb9d450e8d4cbf9f9e04096c44bbfe7fba80b15/asm-util-9.10.1.jar:/home/thomas/.gradle/caches/modules-2/files-2.1/net.fabricmc/sponge-mixin/0.17.3+mixin.0.8.7/41c4a3984a80f4679e759fb9f495587acc5cdac7/sponge-mixin-0.17.3+mixin.0.8.7.jar:/home/thomas/.gradle/caches/modules-2/files-2.1/io.github.llamalad7/mixinextras-fabric/0.5.4/5e167154bcb9942111313a5e186e16cd7265f858/mixinextras-fabric-0.5.4.jar:/home/thomas/.gradle/caches/modules-2/files-2.1/net.fabricmc/dev-launch-injector/0.2.1+build.8/da8bef7e6e2f952da707f282bdb46882a0fce5e3/dev-launch-injector-0.2.1+build.8.jar:/home/thomas/.gradle/caches/modules-2/files-2.1/net.fabricmc/fabric-log4j-util/1.0.2/ef0b3fb613356feb75a67d54f2fad6f03a006648/fabric-log4j-util-1.0.2.jar:/home/thomas/.gradle/caches/modules-2/files-2.1/at.yawk.lz4/lz4-java/1.10.1/f541d7f910fe3d76f38f799c507c48cc81b12ecb/lz4-java-1.10.1.jar:/home/thomas/.gradle/caches/modules-2/files-2.1/com.azure/azure-json/1.4.0/fcc1d354dbc3e0300e5276b1bf124d0247799cd8/azure-json-1.4.0.jar:/home/thomas/.gradle/caches/modules-2/files-2.1/com.github.oshi/oshi-core/6.9.0/3224870731860cfcd7744581a05b559e94291e7/oshi-core-6.9.0.jar:/home/thomas/.gradle/caches/modules-2/files-2.1/com.moandjiezana.toml/toml4j/0.7.2/a03337911d0bd2c40932aca3946edb30d0e7d0c/toml4j-0.7.2.jar:/home/thomas/.gradle/caches/modules-2/files-2.1/com.google.code.gson/gson/2.14.0/efc0e34ede4e3204eaefb84a00e55e8c86634382/gson-2.14.0.jar:/home/thomas/.gradle/caches/modules-2/files-2.1/com.google.guava/failureaccess/1.0.3/aeaffd00d57023a2c947393ed251f0354f0985fc/failureaccess-1.0.3.jar:/home/thomas/.gradle/caches/modules-2/files-2.1/com.google.guava/guava/33.6.0-jre/c376b13067cc99a5774403530953f7b05a91e218/guava-33.6.0-jre.jar:/home/thomas/.gradle/caches/modules-2/files-2.1/com.ibm.icu/icu4j/78.3/6a851a53bb1f25689fc418dcc8935b0d93580adf/icu4j-78.3.jar:/home/thomas/.gradle/caches/modules-2/files-2.1/com.microsoft.azure/msal4j/1.24.1/c233f2d047b9755f7041adf21a858c680e4c9242/msal4j-1.24.1.jar:/home/thomas/.gradle/caches/modules-2/files-2.1/com.mojang/authlib/9.0.75/d61056a234d5e4b272e09d59b0713f80d6c0b6af/authlib-9.0.75.jar:/home/thomas/.gradle/caches/modules-2/files-2.1/com.mojang/blocklist/1.0.10/5c685c5ffa94c4cd39496c7184c1d122e515ecef/blocklist-1.0.10.jar:/home/thomas/.gradle/caches/modules-2/files-2.1/com.mojang/brigadier/1.3.10/d15b53a14cf20fdcaa98f731af5dda654452c010/brigadier-1.3.10.jar:/home/thomas/.gradle/caches/modules-2/files-2.1/com.mojang/datafixerupper/10.0.21/b6b2ae770c02e0c1eb90f9985b151e9085a38d0b/datafixerupper-10.0.21.jar:/home/thomas/.gradle/caches/modules-2/files-2.1/com.mojang/jtracy/1.0.37/a3fb649b2e2b2288d2978f0b0bc3d83f62809d1e/jtracy-1.0.37.jar:/home/thomas/.gradle/caches/modules-2/files-2.1/com.mojang/jtracy/1.0.37/e1b4395227af41195da9e2ead13c48ee0b7d31cd/jtracy-1.0.37-natives-linux.jar:/home/thomas/.gradle/caches/modules-2/files-2.1/com.mojang/logging/1.7.12/351cea64a5233361327d8d54c44277041beed97f/logging-1.7.12.jar:/home/thomas/.gradle/caches/modules-2/files-2.1/com.mojang/patchy/2.2.10/da05971b07cbb379d002cf7eaec6a2048211fefc/patchy-2.2.10.jar:/home/thomas/.gradle/caches/modules-2/files-2.1/com.mojang/text2speech/1.19.12/2e517a75c79d34d32de2b5d68422150836c2133e/text2speech-1.19.12.jar:/home/thomas/.gradle/caches/modules-2/files-2.1/commons-codec/commons-codec/1.22.0/6b3eb4beb7058c2a638f5f17bcb388649fd339dd/commons-codec-1.22.0.jar:/home/thomas/.gradle/caches/modules-2/files-2.1/commons-io/commons-io/2.20.0/36f3474daec2849c149e877614e7f979b2082cd2/commons-io-2.20.0.jar:/home/thomas/.gradle/caches/modules-2/files-2.1/io.netty/netty-buffer/4.2.15.Final/2beb620803bf871cda2dd5d46b8f831e8015dd34/netty-buffer-4.2.15.Final.jar:/home/thomas/.gradle/caches/modules-2/files-2.1/io.netty/netty-codec-base/4.2.15.Final/e97149fdd5fb04858efa90e314651c8d700dc68b/netty-codec-base-4.2.15.Final.jar:/home/thomas/.gradle/caches/modules-2/files-2.1/io.netty/netty-codec-compression/4.2.15.Final/89fc4a20b7ae6af974304b1695405e62c4f9b16d/netty-codec-compression-4.2.15.Final.jar:/home/thomas/.gradle/caches/modules-2/files-2.1/io.netty/netty-codec-http/4.2.15.Final/e611826aa054371bb9a17f27bdb05755a4cac5f0/netty-codec-http-4.2.15.Final.jar:/home/thomas/.gradle/caches/modules-2/files-2.1/io.netty/netty-common/4.2.15.Final/7222492c1af9c2d4d78d521eea340a619e242fda/netty-common-4.2.15.Final.jar:/home/thomas/.gradle/caches/modules-2/files-2.1/io.netty/netty-handler/4.2.15.Final/d5344afd1148e3b9927a74be019605ebb0937a93/netty-handler-4.2.15.Final.jar:/home/thomas/.gradle/caches/modules-2/files-2.1/io.netty/netty-resolver/4.2.15.Final/b961a16d379b508b473e064ba06842bba280f4e3/netty-resolver-4.2.15.Final.jar:/home/thomas/.gradle/caches/modules-2/files-2.1/io.netty/netty-transport-classes-epoll/4.2.15.Final/44bafba9c9993800e955b365bba4981326f3f3b1/netty-transport-classes-epoll-4.2.15.Final.jar:/home/thomas/.gradle/caches/modules-2/files-2.1/io.netty/netty-transport-classes-kqueue/4.2.15.Final/f248656bb907607c5a41c7b61fd918a97db79250/netty-transport-classes-kqueue-4.2.15.Final.jar:/home/thomas/.gradle/caches/modules-2/files-2.1/io.netty/netty-transport-native-epoll/4.2.15.Final/cccd31f2c8e966ab1e7a4d2293c8a3965628fe73/netty-transport-native-epoll-4.2.15.Final-linux-aarch_64.jar:/home/thomas/.gradle/caches/modules-2/files-2.1/io.netty/netty-transport-native-epoll/4.2.15.Final/ce256127f8ed3f076756f1f4dcb5877d65d1f1c2/netty-transport-native-epoll-4.2.15.Final-linux-x86_64.jar:/home/thomas/.gradle/caches/modules-2/files-2.1/io.netty/netty-transport-native-unix-common/4.2.15.Final/efb6943b4de9e0226a5ac35330f232605424af02/netty-transport-native-unix-common-4.2.15.Final.jar:/home/thomas/.gradle/caches/modules-2/files-2.1/io.netty/netty-transport/4.2.15.Final/a000c3a6196ee40207b73ac619dcb339409dd62f/netty-transport-4.2.15.Final.jar:/home/thomas/.gradle/caches/modules-2/files-2.1/it.unimi.dsi/fastutil/8.5.18/a6cff377eecc19c2037bf31568a6d7106b50ba1f/fastutil-8.5.18.jar:/home/thomas/.gradle/caches/modules-2/files-2.1/net.java.dev.jna/jna-platform/5.17.0/a4934c44d25a9d8c2ddf4203affd20330cb3426f/jna-platform-5.17.0.jar:/home/thomas/.gradle/caches/modules-2/files-2.1/net.java.dev.jna/jna/5.17.0/33d12735bef894440780fce64f9758d420c7bae2/jna-5.17.0.jar:/home/thomas/.gradle/caches/modules-2/files-2.1/net.sf.jopt-simple/jopt-simple/5.0.4/4fdac2fbe92dfad86aa6e9301736f6b4342a3f5c/jopt-simple-5.0.4.jar:/home/thomas/.gradle/caches/modules-2/files-2.1/org.apache.commons/commons-compress/1.28.0/e482f2c7a88dac3c497e96aa420b6a769f59c8d7/commons-compress-1.28.0.jar:/home/thomas/.gradle/caches/modules-2/files-2.1/org.apache.commons/commons-lang3/3.20.0/65897b3e5731220962e659e001904af3c3cbeba9/commons-lang3-3.20.0.jar:/home/thomas/.gradle/caches/modules-2/files-2.1/org.apache.logging.log4j/log4j-api/2.26.0/ad52af0ecf054a7e3f275a2e180ee06d9c490951/log4j-api-2.26.0.jar:/home/thomas/.gradle/caches/modules-2/files-2.1/org.apache.logging.log4j/log4j-core/2.26.0/d267ca60b27ddb075e0b4e75e7875859717bf85f/log4j-core-2.26.0.jar:/home/thomas/.gradle/caches/modules-2/files-2.1/org.apache.logging.log4j/log4j-slf4j2-impl/2.26.0/668c0f0e813d83f00a7182533aa658ec7e7a0a0d/log4j-slf4j2-impl-2.26.0.jar:/home/thomas/.gradle/caches/modules-2/files-2.1/org.jcraft/jorbis/0.0.17/8872d22b293e8f5d7d56ff92be966e6dc28ebdc6/jorbis-0.0.17.jar:/home/thomas/.gradle/caches/modules-2/files-2.1/org.joml/joml/1.10.8/fc0a71dad90a2cf41d82a76156a0e700af8e4f8d/joml-1.10.8.jar:/home/thomas/.gradle/caches/modules-2/files-2.1/org.jspecify/jspecify/1.0.0/7425a601c1c7ec76645a78d22b8c6a627edee507/jspecify-1.0.0.jar:/home/thomas/.gradle/caches/modules-2/files-2.1/org.lwjgl/lwjgl-freetype/3.4.1/caa75a37e857efc9b0686e434d708d6420c5b6ea/lwjgl-freetype-3.4.1.jar:/home/thomas/.gradle/caches/modules-2/files-2.1/org.lwjgl/lwjgl-freetype/3.4.1/40a29a29b1549c4cad073ccd682e3776ffb454fa/lwjgl-freetype-3.4.1-natives-linux.jar:/home/thomas/.gradle/caches/modules-2/files-2.1/org.lwjgl/lwjgl-glfw/3.4.1/a782b1ddd175c9107bf300fd92920579ea65e2a4/lwjgl-glfw-3.4.1.jar:/home/thomas/.gradle/caches/modules-2/files-2.1/org.lwjgl/lwjgl-glfw/3.4.1/23cdf7655ce9f3b27ad90f08e73345e0d5b46362/lwjgl-glfw-3.4.1-natives-linux.jar:/home/thomas/.gradle/caches/modules-2/files-2.1/org.lwjgl/lwjgl-jemalloc/3.4.1/16b663092854fc6adfe0a941e61cae2bb2e437b6/lwjgl-jemalloc-3.4.1.jar:/home/thomas/.gradle/caches/modules-2/files-2.1/org.lwjgl/lwjgl-jemalloc/3.4.1/b83c82d941f2e624d150d6d1e2efcf4ea49ff8ea/lwjgl-jemalloc-3.4.1-natives-linux.jar:/home/thomas/.gradle/caches/modules-2/files-2.1/org.lwjgl/lwjgl-openal/3.4.1/8508bd60589de0539aa465b78fcf838efd07ae9a/lwjgl-openal-3.4.1.jar:/home/thomas/.gradle/caches/modules-2/files-2.1/org.lwjgl/lwjgl-openal/3.4.1/dbff577119266cd4312e4eb9cc2b171407c56360/lwjgl-openal-3.4.1-natives-linux.jar:/home/thomas/.gradle/caches/modules-2/files-2.1/org.lwjgl/lwjgl-opengl/3.4.1/830412cab823c029cda6b9729f9d2ed36cf79959/lwjgl-opengl-3.4.1.jar:/home/thomas/.gradle/caches/modules-2/files-2.1/org.lwjgl/lwjgl-opengl/3.4.1/b750599f0e75ddb19f1d0fe993f3011334b710ae/lwjgl-opengl-3.4.1-natives-linux.jar:/home/thomas/.gradle/caches/modules-2/files-2.1/org.lwjgl/lwjgl-shaderc/3.4.1/5c02c88f0d879529014c78463b76f43fdecfd272/lwjgl-shaderc-3.4.1.jar:/home/thomas/.gradle/caches/modules-2/files-2.1/org.lwjgl/lwjgl-shaderc/3.4.1/4289bdfa998c4afcdfa7c6925baf50e938113188/lwjgl-shaderc-3.4.1-natives-linux.jar:/home/thomas/.gradle/caches/modules-2/files-2.1/org.lwjgl/lwjgl-spvc/3.4.1/188553592e97b5ab2dba54a1b403ee80b48dad4c/lwjgl-spvc-3.4.1.jar:/home/thomas/.gradle/caches/modules-2/files-2.1/org.lwjgl/lwjgl-spvc/3.4.1/6ea8d9edcfcc5664d14e11b9a37a1a900783584a/lwjgl-spvc-3.4.1-natives-linux.jar:/home/thomas/.gradle/caches/modules-2/files-2.1/org.lwjgl/lwjgl-stb/3.4.1/f077c3dafc31924fbe8acb0b913f08977ba27f8e/lwjgl-stb-3.4.1.jar:/home/thomas/.gradle/caches/modules-2/files-2.1/org.lwjgl/lwjgl-stb/3.4.1/7e1cfae909da6c68f3cb6073a9bfeb6c90e82a57/lwjgl-stb-3.4.1-natives-linux.jar:/home/thomas/.gradle/caches/modules-2/files-2.1/org.lwjgl/lwjgl-tinyfd/3.4.1/562697d40dbd2ed0424bf24dcf65d51170f81adf/lwjgl-tinyfd-3.4.1.jar:/home/thomas/.gradle/caches/modules-2/files-2.1/org.lwjgl/lwjgl-tinyfd/3.4.1/fc6a72690afc8defb60d82ad1de64dd8f537154c/lwjgl-tinyfd-3.4.1-natives-linux.jar:/home/thomas/.gradle/caches/modules-2/files-2.1/org.lwjgl/lwjgl-vma/3.4.1/2c54ce10154feb1ede4d23c5947438cdbfdcc003/lwjgl-vma-3.4.1.jar:/home/thomas/.gradle/caches/modules-2/files-2.1/org.lwjgl/lwjgl-vma/3.4.1/1d5d00e4abed992e0850aa970d338453ebbd3e0c/lwjgl-vma-3.4.1-natives-linux.jar:/home/thomas/.gradle/caches/modules-2/files-2.1/org.lwjgl/lwjgl-vulkan/3.4.1/d0601fdc38890755e5638048c14cc0f7b990964b/lwjgl-vulkan-3.4.1.jar:/home/thomas/.gradle/caches/modules-2/files-2.1/org.lwjgl/lwjgl/3.4.1/129e06a04f93992cb2a45172435b21fc4b60dd7d/lwjgl-3.4.1-unsafe.jar:/home/thomas/.gradle/caches/modules-2/files-2.1/org.lwjgl/lwjgl/3.4.1/2734e106bd95db49fe0da8cf8bf7fd96475c436c/lwjgl-3.4.1-natives-linux.jar:/home/thomas/.gradle/caches/modules-2/files-2.1/org.slf4j/slf4j-api/2.0.17/d9e58ac9c7779ba3bf8142aff6c830617a7fe60f/slf4j-api-2.0.17.jar:/home/thomas/.gradle/caches/modules-2/files-2.1/io.netty/netty-transport-native-kqueue/4.2.15.Final/4245380831515fb4eca18d32477a27fbb8f7b8f4/netty-transport-native-kqueue-4.2.15.Final-osx-x86_64.jar:/home/thomas/.gradle/caches/modules-2/files-2.1/io.netty/netty-transport-native-kqueue/4.2.15.Final/8ea0ef3eb716d821332e4b4926825a4b7c1a6d38/netty-transport-native-kqueue-4.2.15.Final-osx-aarch_64.jar:/home/thomas/.gradle/caches/modules-2/files-2.1/blue.endless/jankson/1.2.0/3a596049034f2952c0b2d40ca41f9b98856d5fb4/jankson-1.2.0.jar:/home/thomas/.gradle/caches/modules-2/files-2.1/org.yaml/snakeyaml/1.27/359d62567480b07a679dc643f82fc926b100eed5/snakeyaml-1.27.jar:/home/thomas/.gradle/caches/modules-2/files-2.1/me.shedaniel.cloth/basic-math/0.6.1/2ddd64b22126332794a5754ff9b942e17fb44c39/basic-math-0.6.1.jar:/home/thomas/.gradle/caches/modules-2/files-2.1/com.google.errorprone/error_prone_annotations/2.48.0/bbe30942a31d1778c74cb272321267eca82dc708/error_prone_annotations-2.48.0.jar:/home/thomas/01_TM/Coding/Minecraft/BrainageHUD/.gradle/loom-cache/minecraftMaven/net/minecraft/minecraft-merged-fc6c41ecc7/26.2/minecraft-merged-fc6c41ecc7-26.2.jar:/home/thomas/.gradle/caches/modules-2/files-2.1/net.fabricmc.fabric-api/fabric-api/0.156.0+26.2/d96e0d9ef8ea3604fac4ca7495d7c6148f3ac816/fabric-api-0.156.0+26.2.jar:/home/thomas/01_TM/Coding/Minecraft/HudRendererLib/build/libs/hudrendererlib-1.0.7.jar:/home/thomas/01_TM/Coding/Minecraft/BrainageHUD/build/libs/brainagehud-1.0.3.jar:/home/thomas/01_TM/Coding/Minecraft/SimpleTPA/build/libs/simpletpa-1.2.0.jar)
	at knot//com.sun.jna.NativeLibrary.loadLibrary(NativeLibrary.java:325)
	at knot//com.sun.jna.NativeLibrary.getInstance(NativeLibrary.java:481)
	at knot//com.sun.jna.NativeLibrary.getInstance(NativeLibrary.java:423)
	at knot//com.mojang.text2speech.NarratorLinux$FliteLibrary.loadNative(NarratorLinux.java:80)
	... 8 more
	Suppressed: java.lang.UnsatisfiedLinkError: libflite.so: cannot open shared object file: No such file or directory
		at knot//com.sun.jna.Native.open(Native Method)
		at knot//com.sun.jna.NativeLibrary.loadLibrary(NativeLibrary.java:213)
		... 11 more
	Suppressed: java.lang.UnsatisfiedLinkError: libflite.so: cannot open shared object file: No such file or directory
		at knot//com.sun.jna.Native.open(Native Method)
		at knot//com.sun.jna.NativeLibrary.loadLibrary(NativeLibrary.java:226)
		... 11 more
	Suppressed: java.io.IOException: Native library (linux-x86-64/libflite.so) not found in resource path (/home/thomas/.gradle/caches/modules-2/files-2.1/me.shedaniel.cloth/cloth-config-fabric/26.2.155/babcf16dbd15e09d326e21ffe85ab3f7d843ef9e/cloth-config-fabric-26.2.155.jar:/home/thomas/.gradle/caches/modules-2/files-2.1/net.fabricmc/fabric-loader/0.19.3/354dfaa02d0552e11867f85dff7cdbfaf813ba3e/fabric-loader-0.19.3.jar:/home/thomas/.gradle/caches/modules-2/files-2.1/maven.modrinth/modmenu/20.0.1/8562dee49eae1a6bdd14b026be1b300aedb5ce0f/modmenu-20.0.1.jar:/home/thomas/.gradle/caches/modules-2/files-2.1/org.ow2.asm/asm/9.10.1/ada2141c0cc52ee8f5c48cd5fa4ce0e794f22236/asm-9.10.1.jar:/home/thomas/.gradle/caches/modules-2/files-2.1/org.ow2.asm/asm-analysis/9.10.1/8d49f14d51f632cb1d87c88d1ceaf50db0d8af1b/asm-analysis-9.10.1.jar:/home/thomas/.gradle/caches/modules-2/files-2.1/org.ow2.asm/asm-commons/9.10.1/4229e4c55fd8e01c23f9fe9884075cc628aacc50/asm-commons-9.10.1.jar:/home/thomas/.gradle/caches/modules-2/files-2.1/org.ow2.asm/asm-tree/9.10.1/e244332a17564c1d1572449399a842de35881be2/asm-tree-9.10.1.jar:/home/thomas/.gradle/caches/modules-2/files-2.1/org.ow2.asm/asm-util/9.10.1/7bb9d450e8d4cbf9f9e04096c44bbfe7fba80b15/asm-util-9.10.1.jar:/home/thomas/.gradle/caches/modules-2/files-2.1/net.fabricmc/sponge-mixin/0.17.3+mixin.0.8.7/41c4a3984a80f4679e759fb9f495587acc5cdac7/sponge-mixin-0.17.3+mixin.0.8.7.jar:/home/thomas/.gradle/caches/modules-2/files-2.1/io.github.llamalad7/mixinextras-fabric/0.5.4/5e167154bcb9942111313a5e186e16cd7265f858/mixinextras-fabric-0.5.4.jar:/home/thomas/.gradle/caches/modules-2/files-2.1/net.fabricmc/dev-launch-injector/0.2.1+build.8/da8bef7e6e2f952da707f282bdb46882a0fce5e3/dev-launch-injector-0.2.1+build.8.jar:/home/thomas/.gradle/caches/modules-2/files-2.1/net.fabricmc/fabric-log4j-util/1.0.2/ef0b3fb613356feb75a67d54f2fad6f03a006648/fabric-log4j-util-1.0.2.jar:/home/thomas/.gradle/caches/modules-2/files-2.1/at.yawk.lz4/lz4-java/1.10.1/f541d7f910fe3d76f38f799c507c48cc81b12ecb/lz4-java-1.10.1.jar:/home/thomas/.gradle/caches/modules-2/files-2.1/com.azure/azure-json/1.4.0/fcc1d354dbc3e0300e5276b1bf124d0247799cd8/azure-json-1.4.0.jar:/home/thomas/.gradle/caches/modules-2/files-2.1/com.github.oshi/oshi-core/6.9.0/3224870731860cfcd7744581a05b559e94291e7/oshi-core-6.9.0.jar:/home/thomas/.gradle/caches/modules-2/files-2.1/com.moandjiezana.toml/toml4j/0.7.2/a03337911d0bd2c40932aca3946edb30d0e7d0c/toml4j-0.7.2.jar:/home/thomas/.gradle/caches/modules-2/files-2.1/com.google.code.gson/gson/2.14.0/efc0e34ede4e3204eaefb84a00e55e8c86634382/gson-2.14.0.jar:/home/thomas/.gradle/caches/modules-2/files-2.1/com.google.guava/failureaccess/1.0.3/aeaffd00d57023a2c947393ed251f0354f0985fc/failureaccess-1.0.3.jar:/home/thomas/.gradle/caches/modules-2/files-2.1/com.google.guava/guava/33.6.0-jre/c376b13067cc99a5774403530953f7b05a91e218/guava-33.6.0-jre.jar:/home/thomas/.gradle/caches/modules-2/files-2.1/com.ibm.icu/icu4j/78.3/6a851a53bb1f25689fc418dcc8935b0d93580adf/icu4j-78.3.jar:/home/thomas/.gradle/caches/modules-2/files-2.1/com.microsoft.azure/msal4j/1.24.1/c233f2d047b9755f7041adf21a858c680e4c9242/msal4j-1.24.1.jar:/home/thomas/.gradle/caches/modules-2/files-2.1/com.mojang/authlib/9.0.75/d61056a234d5e4b272e09d59b0713f80d6c0b6af/authlib-9.0.75.jar:/home/thomas/.gradle/caches/modules-2/files-2.1/com.mojang/blocklist/1.0.10/5c685c5ffa94c4cd39496c7184c1d122e515ecef/blocklist-1.0.10.jar:/home/thomas/.gradle/caches/modules-2/files-2.1/com.mojang/brigadier/1.3.10/d15b53a14cf20fdcaa98f731af5dda654452c010/brigadier-1.3.10.jar:/home/thomas/.gradle/caches/modules-2/files-2.1/com.mojang/datafixerupper/10.0.21/b6b2ae770c02e0c1eb90f9985b151e9085a38d0b/datafixerupper-10.0.21.jar:/home/thomas/.gradle/caches/modules-2/files-2.1/com.mojang/jtracy/1.0.37/a3fb649b2e2b2288d2978f0b0bc3d83f62809d1e/jtracy-1.0.37.jar:/home/thomas/.gradle/caches/modules-2/files-2.1/com.mojang/jtracy/1.0.37/e1b4395227af41195da9e2ead13c48ee0b7d31cd/jtracy-1.0.37-natives-linux.jar:/home/thomas/.gradle/caches/modules-2/files-2.1/com.mojang/logging/1.7.12/351cea64a5233361327d8d54c44277041beed97f/logging-1.7.12.jar:/home/thomas/.gradle/caches/modules-2/files-2.1/com.mojang/patchy/2.2.10/da05971b07cbb379d002cf7eaec6a2048211fefc/patchy-2.2.10.jar:/home/thomas/.gradle/caches/modules-2/files-2.1/com.mojang/text2speech/1.19.12/2e517a75c79d34d32de2b5d68422150836c2133e/text2speech-1.19.12.jar:/home/thomas/.gradle/caches/modules-2/files-2.1/commons-codec/commons-codec/1.22.0/6b3eb4beb7058c2a638f5f17bcb388649fd339dd/commons-codec-1.22.0.jar:/home/thomas/.gradle/caches/modules-2/files-2.1/commons-io/commons-io/2.20.0/36f3474daec2849c149e877614e7f979b2082cd2/commons-io-2.20.0.jar:/home/thomas/.gradle/caches/modules-2/files-2.1/io.netty/netty-buffer/4.2.15.Final/2beb620803bf871cda2dd5d46b8f831e8015dd34/netty-buffer-4.2.15.Final.jar:/home/thomas/.gradle/caches/modules-2/files-2.1/io.netty/netty-codec-base/4.2.15.Final/e97149fdd5fb04858efa90e314651c8d700dc68b/netty-codec-base-4.2.15.Final.jar:/home/thomas/.gradle/caches/modules-2/files-2.1/io.netty/netty-codec-compression/4.2.15.Final/89fc4a20b7ae6af974304b1695405e62c4f9b16d/netty-codec-compression-4.2.15.Final.jar:/home/thomas/.gradle/caches/modules-2/files-2.1/io.netty/netty-codec-http/4.2.15.Final/e611826aa054371bb9a17f27bdb05755a4cac5f0/netty-codec-http-4.2.15.Final.jar:/home/thomas/.gradle/caches/modules-2/files-2.1/io.netty/netty-common/4.2.15.Final/7222492c1af9c2d4d78d521eea340a619e242fda/netty-common-4.2.15.Final.jar:/home/thomas/.gradle/caches/modules-2/files-2.1/io.netty/netty-handler/4.2.15.Final/d5344afd1148e3b9927a74be019605ebb0937a93/netty-handler-4.2.15.Final.jar:/home/thomas/.gradle/caches/modules-2/files-2.1/io.netty/netty-resolver/4.2.15.Final/b961a16d379b508b473e064ba06842bba280f4e3/netty-resolver-4.2.15.Final.jar:/home/thomas/.gradle/caches/modules-2/files-2.1/io.netty/netty-transport-classes-epoll/4.2.15.Final/44bafba9c9993800e955b365bba4981326f3f3b1/netty-transport-classes-epoll-4.2.15.Final.jar:/home/thomas/.gradle/caches/modules-2/files-2.1/io.netty/netty-transport-classes-kqueue/4.2.15.Final/f248656bb907607c5a41c7b61fd918a97db79250/netty-transport-classes-kqueue-4.2.15.Final.jar:/home/thomas/.gradle/caches/modules-2/files-2.1/io.netty/netty-transport-native-epoll/4.2.15.Final/cccd31f2c8e966ab1e7a4d2293c8a3965628fe73/netty-transport-native-epoll-4.2.15.Final-linux-aarch_64.jar:/home/thomas/.gradle/caches/modules-2/files-2.1/io.netty/netty-transport-native-epoll/4.2.15.Final/ce256127f8ed3f076756f1f4dcb5877d65d1f1c2/netty-transport-native-epoll-4.2.15.Final-linux-x86_64.jar:/home/thomas/.gradle/caches/modules-2/files-2.1/io.netty/netty-transport-native-unix-common/4.2.15.Final/efb6943b4de9e0226a5ac35330f232605424af02/netty-transport-native-unix-common-4.2.15.Final.jar:/home/thomas/.gradle/caches/modules-2/files-2.1/io.netty/netty-transport/4.2.15.Final/a000c3a6196ee40207b73ac619dcb339409dd62f/netty-transport-4.2.15.Final.jar:/home/thomas/.gradle/caches/modules-2/files-2.1/it.unimi.dsi/fastutil/8.5.18/a6cff377eecc19c2037bf31568a6d7106b50ba1f/fastutil-8.5.18.jar:/home/thomas/.gradle/caches/modules-2/files-2.1/net.java.dev.jna/jna-platform/5.17.0/a4934c44d25a9d8c2ddf4203affd20330cb3426f/jna-platform-5.17.0.jar:/home/thomas/.gradle/caches/modules-2/files-2.1/net.java.dev.jna/jna/5.17.0/33d12735bef894440780fce64f9758d420c7bae2/jna-5.17.0.jar:/home/thomas/.gradle/caches/modules-2/files-2.1/net.sf.jopt-simple/jopt-simple/5.0.4/4fdac2fbe92dfad86aa6e9301736f6b4342a3f5c/jopt-simple-5.0.4.jar:/home/thomas/.gradle/caches/modules-2/files-2.1/org.apache.commons/commons-compress/1.28.0/e482f2c7a88dac3c497e96aa420b6a769f59c8d7/commons-compress-1.28.0.jar:/home/thomas/.gradle/caches/modules-2/files-2.1/org.apache.commons/commons-lang3/3.20.0/65897b3e5731220962e659e001904af3c3cbeba9/commons-lang3-3.20.0.jar:/home/thomas/.gradle/caches/modules-2/files-2.1/org.apache.logging.log4j/log4j-api/2.26.0/ad52af0ecf054a7e3f275a2e180ee06d9c490951/log4j-api-2.26.0.jar:/home/thomas/.gradle/caches/modules-2/files-2.1/org.apache.logging.log4j/log4j-core/2.26.0/d267ca60b27ddb075e0b4e75e7875859717bf85f/log4j-core-2.26.0.jar:/home/thomas/.gradle/caches/modules-2/files-2.1/org.apache.logging.log4j/log4j-slf4j2-impl/2.26.0/668c0f0e813d83f00a7182533aa658ec7e7a0a0d/log4j-slf4j2-impl-2.26.0.jar:/home/thomas/.gradle/caches/modules-2/files-2.1/org.jcraft/jorbis/0.0.17/8872d22b293e8f5d7d56ff92be966e6dc28ebdc6/jorbis-0.0.17.jar:/home/thomas/.gradle/caches/modules-2/files-2.1/org.joml/joml/1.10.8/fc0a71dad90a2cf41d82a76156a0e700af8e4f8d/joml-1.10.8.jar:/home/thomas/.gradle/caches/modules-2/files-2.1/org.jspecify/jspecify/1.0.0/7425a601c1c7ec76645a78d22b8c6a627edee507/jspecify-1.0.0.jar:/home/thomas/.gradle/caches/modules-2/files-2.1/org.lwjgl/lwjgl-freetype/3.4.1/caa75a37e857efc9b0686e434d708d6420c5b6ea/lwjgl-freetype-3.4.1.jar:/home/thomas/.gradle/caches/modules-2/files-2.1/org.lwjgl/lwjgl-freetype/3.4.1/40a29a29b1549c4cad073ccd682e3776ffb454fa/lwjgl-freetype-3.4.1-natives-linux.jar:/home/thomas/.gradle/caches/modules-2/files-2.1/org.lwjgl/lwjgl-glfw/3.4.1/a782b1ddd175c9107bf300fd92920579ea65e2a4/lwjgl-glfw-3.4.1.jar:/home/thomas/.gradle/caches/modules-2/files-2.1/org.lwjgl/lwjgl-glfw/3.4.1/23cdf7655ce9f3b27ad90f08e73345e0d5b46362/lwjgl-glfw-3.4.1-natives-linux.jar:/home/thomas/.gradle/caches/modules-2/files-2.1/org.lwjgl/lwjgl-jemalloc/3.4.1/16b663092854fc6adfe0a941e61cae2bb2e437b6/lwjgl-jemalloc-3.4.1.jar:/home/thomas/.gradle/caches/modules-2/files-2.1/org.lwjgl/lwjgl-jemalloc/3.4.1/b83c82d941f2e624d150d6d1e2efcf4ea49ff8ea/lwjgl-jemalloc-3.4.1-natives-linux.jar:/home/thomas/.gradle/caches/modules-2/files-2.1/org.lwjgl/lwjgl-openal/3.4.1/8508bd60589de0539aa465b78fcf838efd07ae9a/lwjgl-openal-3.4.1.jar:/home/thomas/.gradle/caches/modules-2/files-2.1/org.lwjgl/lwjgl-openal/3.4.1/dbff577119266cd4312e4eb9cc2b171407c56360/lwjgl-openal-3.4.1-natives-linux.jar:/home/thomas/.gradle/caches/modules-2/files-2.1/org.lwjgl/lwjgl-opengl/3.4.1/830412cab823c029cda6b9729f9d2ed36cf79959/lwjgl-opengl-3.4.1.jar:/home/thomas/.gradle/caches/modules-2/files-2.1/org.lwjgl/lwjgl-opengl/3.4.1/b750599f0e75ddb19f1d0fe993f3011334b710ae/lwjgl-opengl-3.4.1-natives-linux.jar:/home/thomas/.gradle/caches/modules-2/files-2.1/org.lwjgl/lwjgl-shaderc/3.4.1/5c02c88f0d879529014c78463b76f43fdecfd272/lwjgl-shaderc-3.4.1.jar:/home/thomas/.gradle/caches/modules-2/files-2.1/org.lwjgl/lwjgl-shaderc/3.4.1/4289bdfa998c4afcdfa7c6925baf50e938113188/lwjgl-shaderc-3.4.1-natives-linux.jar:/home/thomas/.gradle/caches/modules-2/files-2.1/org.lwjgl/lwjgl-spvc/3.4.1/188553592e97b5ab2dba54a1b403ee80b48dad4c/lwjgl-spvc-3.4.1.jar:/home/thomas/.gradle/caches/modules-2/files-2.1/org.lwjgl/lwjgl-spvc/3.4.1/6ea8d9edcfcc5664d14e11b9a37a1a900783584a/lwjgl-spvc-3.4.1-natives-linux.jar:/home/thomas/.gradle/caches/modules-2/files-2.1/org.lwjgl/lwjgl-stb/3.4.1/f077c3dafc31924fbe8acb0b913f08977ba27f8e/lwjgl-stb-3.4.1.jar:/home/thomas/.gradle/caches/modules-2/files-2.1/org.lwjgl/lwjgl-stb/3.4.1/7e1cfae909da6c68f3cb6073a9bfeb6c90e82a57/lwjgl-stb-3.4.1-natives-linux.jar:/home/thomas/.gradle/caches/modules-2/files-2.1/org.lwjgl/lwjgl-tinyfd/3.4.1/562697d40dbd2ed0424bf24dcf65d51170f81adf/lwjgl-tinyfd-3.4.1.jar:/home/thomas/.gradle/caches/modules-2/files-2.1/org.lwjgl/lwjgl-tinyfd/3.4.1/fc6a72690afc8defb60d82ad1de64dd8f537154c/lwjgl-tinyfd-3.4.1-natives-linux.jar:/home/thomas/.gradle/caches/modules-2/files-2.1/org.lwjgl/lwjgl-vma/3.4.1/2c54ce10154feb1ede4d23c5947438cdbfdcc003/lwjgl-vma-3.4.1.jar:/home/thomas/.gradle/caches/modules-2/files-2.1/org.lwjgl/lwjgl-vma/3.4.1/1d5d00e4abed992e0850aa970d338453ebbd3e0c/lwjgl-vma-3.4.1-natives-linux.jar:/home/thomas/.gradle/caches/modules-2/files-2.1/org.lwjgl/lwjgl-vulkan/3.4.1/d0601fdc38890755e5638048c14cc0f7b990964b/lwjgl-vulkan-3.4.1.jar:/home/thomas/.gradle/caches/modules-2/files-2.1/org.lwjgl/lwjgl/3.4.1/129e06a04f93992cb2a45172435b21fc4b60dd7d/lwjgl-3.4.1-unsafe.jar:/home/thomas/.gradle/caches/modules-2/files-2.1/org.lwjgl/lwjgl/3.4.1/2734e106bd95db49fe0da8cf8bf7fd96475c436c/lwjgl-3.4.1-natives-linux.jar:/home/thomas/.gradle/caches/modules-2/files-2.1/org.slf4j/slf4j-api/2.0.17/d9e58ac9c7779ba3bf8142aff6c830617a7fe60f/slf4j-api-2.0.17.jar:/home/thomas/.gradle/caches/modules-2/files-2.1/io.netty/netty-transport-native-kqueue/4.2.15.Final/4245380831515fb4eca18d32477a27fbb8f7b8f4/netty-transport-native-kqueue-4.2.15.Final-osx-x86_64.jar:/home/thomas/.gradle/caches/modules-2/files-2.1/io.netty/netty-transport-native-kqueue/4.2.15.Final/8ea0ef3eb716d821332e4b4926825a4b7c1a6d38/netty-transport-native-kqueue-4.2.15.Final-osx-aarch_64.jar:/home/thomas/.gradle/caches/modules-2/files-2.1/blue.endless/jankson/1.2.0/3a596049034f2952c0b2d40ca41f9b98856d5fb4/jankson-1.2.0.jar:/home/thomas/.gradle/caches/modules-2/files-2.1/org.yaml/snakeyaml/1.27/359d62567480b07a679dc643f82fc926b100eed5/snakeyaml-1.27.jar:/home/thomas/.gradle/caches/modules-2/files-2.1/me.shedaniel.cloth/basic-math/0.6.1/2ddd64b22126332794a5754ff9b942e17fb44c39/basic-math-0.6.1.jar:/home/thomas/.gradle/caches/modules-2/files-2.1/com.google.errorprone/error_prone_annotations/2.48.0/bbe30942a31d1778c74cb272321267eca82dc708/error_prone_annotations-2.48.0.jar:/home/thomas/01_TM/Coding/Minecraft/BrainageHUD/.gradle/loom-cache/minecraftMaven/net/minecraft/minecraft-merged-fc6c41ecc7/26.2/minecraft-merged-fc6c41ecc7-26.2.jar:/home/thomas/.gradle/caches/modules-2/files-2.1/net.fabricmc.fabric-api/fabric-api/0.156.0+26.2/d96e0d9ef8ea3604fac4ca7495d7c6148f3ac816/fabric-api-0.156.0+26.2.jar:/home/thomas/01_TM/Coding/Minecraft/HudRendererLib/build/libs/hudrendererlib-1.0.7.jar:/home/thomas/01_TM/Coding/Minecraft/BrainageHUD/build/libs/brainagehud-1.0.3.jar:/home/thomas/01_TM/Coding/Minecraft/SimpleTPA/build/libs/simpletpa-1.2.0.jar)
		at knot//com.sun.jna.Native.extractFromResourcePath(Native.java:1141)
		at knot//com.sun.jna.NativeLibrary.loadLibrary(NativeLibrary.java:297)
		... 11 more
[22:23:42] [Render thread/INFO]: Reloading ResourceManager: vanilla, brainagehud, brainagelib, cloth-config, fabric-api, fabric-api-base, fabric-api-lookup-api-v1, fabric-biome-api-v1, fabric-block-api-v1, fabric-block-getter-api-v2, fabric-command-api-v2, fabric-content-registries-v0, fabric-convention-tags-v2, fabric-crash-report-info-v1, fabric-creative-tab-api-v1, fabric-data-attachment-api-v1, fabric-data-generation-api-v1, fabric-debug-api-v1, fabric-dimensions-v1, fabric-entity-events-v1, fabric-events-interaction-v0, fabric-game-rule-api-v1, fabric-item-api-v1, fabric-key-mapping-api-v1, fabric-lifecycle-events-v1, fabric-loot-api-v3, fabric-menu-api-v1, fabric-message-api-v1, fabric-model-loading-api-v1, fabric-networking-api-v1, fabric-object-builder-api-v1, fabric-particles-v1, fabric-permission-api-v1, fabric-recipe-api-v1, fabric-registry-sync-v0, fabric-renderer-api-v1, fabric-renderer-indigo, fabric-rendering-fluids-v1, fabric-rendering-v1, fabric-resource-conditions-api-v1, fabric-resource-loader-v0, fabric-resource-loader-v1, fabric-screen-api-v1, fabric-serialization-api-v1, fabric-sound-api-v1, fabric-tag-api-v1, fabric-transfer-api-v1, fabric-transitive-access-wideners-v1, fabricloader, hudrendererlib, simplehomes, simpletpa, spawncommands
[22:23:42] [Download-1/INFO]: Could not authorize you against Realms server: java.lang.RuntimeException: Failed to parse into SignedJWT: 0
[22:23:42] [Download-1/ERROR]: Failed to fetch Realms feature flags
com.mojang.realmsclient.exception.RealmsServiceException: Realms authentication error with message 'java.lang.RuntimeException: Failed to parse into SignedJWT: 0'
	at knot//com.mojang.realmsclient.client.RealmsClient.execute(RealmsClient.java:528)
	at knot//com.mojang.realmsclient.client.RealmsClient.fetchFeatureFlags(RealmsClient.java:187)
	at java.base/java.util.concurrent.CompletableFuture$AsyncSupply.run(CompletableFuture.java:1789)
	at java.base/java.util.concurrent.ThreadPoolExecutor.runWorker(ThreadPoolExecutor.java:1090)
	at java.base/java.util.concurrent.ThreadPoolExecutor$Worker.run(ThreadPoolExecutor.java:614)
	at java.base/java.lang.Thread.run(Thread.java:1474)
[22:23:42] [Worker-Main-22/INFO]: Found unifont_all_no_pua-17.0.01.hex, loading
[22:23:42] [Worker-Main-23/INFO]: Found unifont_pua-17.0.01.hex, loading
[22:23:42] [Worker-Main-20/INFO]: Found unifont_jp_patch-17.0.01.hex, loading
[22:23:43] [Render thread/INFO]: OpenAL initialized on device Round3UIMCScreens
[22:23:43] [Render thread/INFO]: Sound engine started
[22:23:43] [Render thread/INFO]: Created: 512x256x0 minecraft:textures/atlas/particles.png-atlas
[22:23:43] [Render thread/INFO]: Created: 128x128x0 minecraft:textures/atlas/decorated_pot.png-atlas
[22:23:43] [Render thread/INFO]: Created: 2048x1024x0 minecraft:textures/atlas/armor_trims.png-atlas
[22:23:43] [Render thread/INFO]: Created: 512x256x0 minecraft:textures/atlas/paintings.png-atlas
[22:23:43] [Render thread/INFO]: Created: 1024x512x0 minecraft:textures/atlas/shield_patterns.png-atlas
[22:23:43] [Render thread/INFO]: Created: 2048x2048x4 minecraft:textures/atlas/blocks.png-atlas
[22:23:44] [Render thread/INFO]: Created: 512x512x0 minecraft:textures/atlas/chest.png-atlas
[22:23:44] [Render thread/INFO]: Created: 256x128x0 minecraft:textures/atlas/celestials.png-atlas
[22:23:44] [Render thread/INFO]: Created: 1024x512x0 minecraft:textures/atlas/banner_patterns.png-atlas
[22:23:44] [Render thread/INFO]: Created: 1024x512x0 minecraft:textures/atlas/items.png-atlas
[22:23:44] [Render thread/INFO]: Created: 1024x1024x0 minecraft:textures/atlas/gui.png-atlas
[22:23:44] [Render thread/INFO]: Created: 128x64x0 minecraft:textures/atlas/map_decorations.png-atlas
[22:23:44] [Render thread/INFO]: Created: 512x512x0 minecraft:textures/atlas/shulker_boxes.png-atlas
[22:23:45] [Render thread/INFO]: Loaded 1585 recipes
[22:23:45] [Render thread/INFO]: Loaded 1688 advancements
[22:23:46] [Render thread/INFO]: Applied 0 biome modifications to 0 of 66 new biomes in 1.902 ms
[22:23:46] [Server thread/INFO]: Starting integrated minecraft server version 26.2
[22:23:46] [Server thread/INFO]: Generating keypair
[22:23:46] [Server thread/INFO]: Loading 0 persistent chunks...
[22:23:46] [Server thread/INFO]: Preparing spawn area: 16%
[22:23:46] [Server thread/INFO]: Saving chunks for level 'ServerLevel[UI Void]'/minecraft:overworld
[22:23:46] [Server thread/INFO]: Saving chunks for level 'ServerLevel[UI Void]'/minecraft:the_nether
[22:23:46] [Server thread/INFO]: Saving chunks for level 'ServerLevel[UI Void]'/minecraft:the_end
[22:23:46] [Server thread/INFO]: ThreadedAnvilChunkStorage (world): All chunks are saved
[22:23:46] [Server thread/INFO]: ThreadedAnvilChunkStorage (DIM-1): All chunks are saved
[22:23:46] [Server thread/INFO]: ThreadedAnvilChunkStorage (DIM1): All chunks are saved
[22:23:46] [Server thread/INFO]: ThreadedAnvilChunkStorage: All dimensions are saved
[22:23:47] [Server thread/INFO]: Loading 49 chunks for player spawn...
[22:23:47] [Server thread/INFO]: Preparing spawn area: 16%
[22:23:47] [Server thread/INFO]: Preparing spawn area: 16%
[22:23:47] [Server thread/INFO]: Time elapsed: 1261 ms
[22:23:48] [Server thread/INFO]: IconCapture[local:E:0b16beed] logged in with entity id 1 at (0.5, -60.0, 0.5)
[22:23:48] [Server thread/INFO]: IconCapture joined the game
[22:23:48] [Server thread/INFO]: Changing view distance to 16, from 10
[22:23:48] [Server thread/INFO]: Changing simulation distance to 12, from 0
[22:23:48] [Render thread/INFO]: Loaded 2 advancements
[22:23:48] [Render thread/INFO]: Resizing Dynamic Transforms UBO, capacity limit of 2 reached during a single frame. New capacity will be 4.
[22:23:48] [Download-1/ERROR]: Failed to retrieve profile key pair
MinecraftClientHttpException[type=HTTP_ERROR, status=401, response=ErrorResponse[path=/player/certificates, error=null, errorMessage=null, details=null]]
	at knot//com.mojang.authlib.minecraft.client.MinecraftClient.buildHttpException(MinecraftClient.java:170)
	at knot//com.mojang.authlib.minecraft.client.MinecraftClient.readServiceResponse(MinecraftClient.java:147)
	at knot//com.mojang.authlib.minecraft.client.MinecraftClient.post(MinecraftClient.java:89)
	at knot//com.mojang.authlib.yggdrasil.YggdrasilUserApiService.getKeyPair(YggdrasilUserApiService.java:62)
	at knot//net.minecraft.client.multiplayer.AccountProfileKeyPairManager.fetchProfileKeyPair(AccountProfileKeyPairManager.java:128)
	at knot//net.minecraft.client.multiplayer.AccountProfileKeyPairManager.lambda$readOrFetchProfileKeyPair$0(AccountProfileKeyPairManager.java:77)
	at java.base/java.util.concurrent.CompletableFuture$AsyncSupply.run(CompletableFuture.java:1789)
	at java.base/java.util.concurrent.ThreadPoolExecutor.runWorker(ThreadPoolExecutor.java:1090)
	at java.base/java.util.concurrent.ThreadPoolExecutor$Worker.run(ThreadPoolExecutor.java:614)
	at java.base/java.lang.Thread.run(Thread.java:1474)
[22:23:48] [Render thread/INFO]: Resizing Dynamic Transforms UBO, capacity limit of 4 reached during a single frame. New capacity will be 8.
[22:24:54] [Server thread/INFO]: Saving and pausing game...
[22:24:54] [Server thread/INFO]: Saving chunks for level 'ServerLevel[UI Void]'/minecraft:overworld
[22:24:54] [Server thread/INFO]: Saving chunks for level 'ServerLevel[UI Void]'/minecraft:the_nether
[22:24:54] [Server thread/INFO]: Saving chunks for level 'ServerLevel[UI Void]'/minecraft:the_end
[22:25:11] [Server thread/INFO]: Saving and pausing game...
[22:25:11] [Server thread/INFO]: Saving chunks for level 'ServerLevel[UI Void]'/minecraft:overworld
[22:25:11] [Server thread/INFO]: Saving chunks for level 'ServerLevel[UI Void]'/minecraft:the_nether
[22:25:11] [Server thread/INFO]: Saving chunks for level 'ServerLevel[UI Void]'/minecraft:the_end
[22:25:23] [Server thread/INFO]: [IconCapture: Set minecraft:overworld to time marker minecraft:noon]
[22:25:23] [Render thread/INFO]: [System] [CHAT] Set minecraft:overworld to time marker minecraft:noon
[22:25:29] [Server thread/INFO]: Saving and pausing game...
[22:25:29] [Server thread/INFO]: Saving chunks for level 'ServerLevel[UI Void]'/minecraft:overworld
[22:25:29] [Server thread/INFO]: Saving chunks for level 'ServerLevel[UI Void]'/minecraft:the_nether
[22:25:29] [Server thread/INFO]: Saving chunks for level 'ServerLevel[UI Void]'/minecraft:the_end
[22:25:40] [Server thread/INFO]: [IconCapture: Set minecraft:overworld to time marker minecraft:noon]
[22:25:40] [Render thread/INFO]: [System] [CHAT] Set minecraft:overworld to time marker minecraft:noon
[22:25:47] [Server thread/INFO]: Saving and pausing game...
[22:25:47] [Server thread/INFO]: Saving chunks for level 'ServerLevel[UI Void]'/minecraft:overworld
[22:25:47] [Server thread/INFO]: Saving chunks for level 'ServerLevel[UI Void]'/minecraft:the_nether
[22:25:47] [Server thread/INFO]: Saving chunks for level 'ServerLevel[UI Void]'/minecraft:the_end
[22:25:58] [Server thread/INFO]: [IconCapture: Set the weather to clear]
[22:25:58] [Render thread/INFO]: [System] [CHAT] Set the weather to clear
[22:26:04] [Server thread/INFO]: Saving and pausing game...
[22:26:05] [Server thread/INFO]: Saving chunks for level 'ServerLevel[UI Void]'/minecraft:overworld
[22:26:05] [Server thread/INFO]: Saving chunks for level 'ServerLevel[UI Void]'/minecraft:the_nether
[22:26:05] [Server thread/INFO]: Saving chunks for level 'ServerLevel[UI Void]'/minecraft:the_end
[22:26:16] [Server thread/INFO]: [IconCapture: Set the weather to clear]
[22:26:16] [Render thread/INFO]: [System] [CHAT] Set the weather to clear
[22:26:22] [Server thread/INFO]: Saving and pausing game...
[22:26:24] [Server thread/INFO]: Saving chunks for level 'ServerLevel[UI Void]'/minecraft:overworld
[22:26:24] [Server thread/INFO]: Saving chunks for level 'ServerLevel[UI Void]'/minecraft:the_nether
[22:26:24] [Server thread/INFO]: Saving chunks for level 'ServerLevel[UI Void]'/minecraft:the_end
[22:26:26] [Server thread/WARN]: Can't keep up! Is the server overloaded? Running 3424ms or 68 ticks behind
[22:26:34] [Server thread/INFO]: [IconCapture: The game is frozen]
[22:26:34] [Render thread/INFO]: [System] [CHAT] The game is frozen
[22:26:40] [Server thread/INFO]: Saving and pausing game...
[22:26:40] [Server thread/INFO]: Saving chunks for level 'ServerLevel[UI Void]'/minecraft:overworld
[22:26:40] [Server thread/INFO]: Saving chunks for level 'ServerLevel[UI Void]'/minecraft:the_nether
[22:26:40] [Server thread/INFO]: Saving chunks for level 'ServerLevel[UI Void]'/minecraft:the_end
[22:26:52] [Server thread/INFO]: [IconCapture: The game is frozen]
[22:26:52] [Render thread/INFO]: [System] [CHAT] The game is frozen
[22:26:58] [Server thread/INFO]: Saving and pausing game...
[22:27:00] [Server thread/INFO]: Saving chunks for level 'ServerLevel[UI Void]'/minecraft:overworld
[22:27:00] [Server thread/INFO]: Saving chunks for level 'ServerLevel[UI Void]'/minecraft:the_nether
[22:27:00] [Server thread/INFO]: Saving chunks for level 'ServerLevel[UI Void]'/minecraft:the_end
[22:27:00] [Server thread/INFO]: [IconCapture: The game is frozen]
[22:27:01] [Render thread/INFO]: [System] [CHAT] The game is frozen
[22:27:03] [Render thread/INFO]: [System] [CHAT] Saved screenshot as 2026-09-12_22.27.03.png
[22:27:08] [Render thread/INFO]: [System] [CHAT] Saved screenshot as 2026-09-12_22.27.07.png
[22:27:09] [Render thread/INFO]: [System] [CHAT] Unknown game mode: t
[22:27:09] [Render thread/INFO]: [System] [CHAT] gamemode t/tp @s 0.5 -60 0.5 0 -90<--[HERE]
[22:27:12] [Server thread/INFO]: Saving and pausing game...
[22:27:12] [Server thread/INFO]: Saving chunks for level 'ServerLevel[UI Void]'/minecraft:overworld
[22:27:12] [Server thread/INFO]: Saving chunks for level 'ServerLevel[UI Void]'/minecraft:the_nether
[22:27:12] [Server thread/INFO]: Saving chunks for level 'ServerLevel[UI Void]'/minecraft:the_end
[22:28:25] [Render thread/INFO]: [System] [CHAT] Saved screenshot as 2026-09-12_22.28.24.png
[22:29:25] [Render thread/INFO]: [System] [CHAT] Saved screenshot as 2026-09-12_22.29.24.png
[22:29:29] [Render thread/INFO]: [System] [CHAT] Saved screenshot as 2026-09-12_22.29.28.png
[22:29:33] [Render thread/INFO]: [System] [CHAT] Saved screenshot as 2026-09-12_22.29.32.png
[22:29:36] [Render thread/INFO]: [System] [CHAT] Saved screenshot as 2026-09-12_22.29.36.png
[22:29:40] [Render thread/INFO]: [System] [CHAT] Saved screenshot as 2026-09-12_22.29.39.png
[22:29:44] [Render thread/INFO]: [System] [CHAT] Saved screenshot as 2026-09-12_22.29.43.png
[22:30:10] [Render thread/INFO]: [System] [CHAT] Unknown or incomplete command. See below for error
[22:30:10] [Render thread/INFO]: [System] [CHAT] tpautoacceptt/sethome base<--[HERE]
[22:30:16] [Server thread/INFO]: Saving and pausing game...
[22:30:16] [Server thread/INFO]: Saving chunks for level 'ServerLevel[UI Void]'/minecraft:overworld
[22:30:16] [Server thread/INFO]: Saving chunks for level 'ServerLevel[UI Void]'/minecraft:the_nether
[22:30:16] [Server thread/INFO]: Saving chunks for level 'ServerLevel[UI Void]'/minecraft:the_end
[22:30:27] [Render thread/INFO]: [System] [CHAT] Created home 'base'.
[22:30:31] [Render thread/INFO]: [System] [CHAT] Created home 'mine'.
[22:30:35] [Render thread/INFO]: [System] [CHAT] Created home 'village'.
[22:30:43] [Server thread/INFO]: Saving and pausing game...
[22:30:43] [Server thread/INFO]: Saving chunks for level 'ServerLevel[UI Void]'/minecraft:overworld
[22:30:43] [Server thread/INFO]: Saving chunks for level 'ServerLevel[UI Void]'/minecraft:the_nether
[22:30:43] [Server thread/INFO]: Saving chunks for level 'ServerLevel[UI Void]'/minecraft:the_end
[22:30:50] [Render thread/INFO]: [System] [CHAT] Saved screenshot as 2026-09-12_22.30.49.png
[22:30:54] [Render thread/INFO]: [System] [CHAT] Saved screenshot as 2026-09-12_22.30.53.png
[22:30:58] [Render thread/INFO]: [System] [CHAT] Saved screenshot as 2026-09-12_22.30.57.png
[22:31:02] [Render thread/INFO]: [System] [CHAT] Saved screenshot as 2026-09-12_22.31.02.png
[22:31:07] [Render thread/INFO]: [System] [CHAT] Saved screenshot as 2026-09-12_22.31.06.png
[22:31:56] [Render thread/INFO]: [System] [CHAT] Saved screenshot as 2026-09-12_22.31.56.png
[22:32:04] [Render thread/INFO]: [System] [CHAT] Saved screenshot as 2026-09-12_22.32.03.png
[22:32:08] [Render thread/INFO]: [System] [CHAT] Saved screenshot as 2026-09-12_22.32.07.png
[22:32:12] [Render thread/INFO]: [System] [CHAT] Saved screenshot as 2026-09-12_22.32.11.png
[22:32:16] [Render thread/INFO]: [System] [CHAT] Saved screenshot as 2026-09-12_22.32.15.png
[22:32:20] [Render thread/INFO]: [System] [CHAT] Saved screenshot as 2026-09-12_22.32.20.png
[22:32:39] [Render thread/INFO]: [System] [CHAT] Saved screenshot as 2026-09-12_22.32.38.png
[22:32:43] [Render thread/INFO]: [System] [CHAT] Saved screenshot as 2026-09-12_22.32.42.png
[22:32:47] [Render thread/INFO]: [System] [CHAT] Saved screenshot as 2026-09-12_22.32.46.png
[22:32:51] [Render thread/INFO]: [System] [CHAT] Saved screenshot as 2026-09-12_22.32.50.png
[22:32:55] [Render thread/INFO]: [System] [CHAT] Saved screenshot as 2026-09-12_22.32.54.png
[22:33:08] [Render thread/INFO]: [System] [CHAT] Saved screenshot as 2026-09-12_22.33.07.png
[22:33:12] [Render thread/INFO]: [System] [CHAT] Saved screenshot as 2026-09-12_22.33.11.png
[22:33:21] [Server thread/INFO]: Saving and pausing game...
[22:33:21] [Server thread/INFO]: Saving chunks for level 'ServerLevel[UI Void]'/minecraft:overworld
[22:33:21] [Server thread/INFO]: Saving chunks for level 'ServerLevel[UI Void]'/minecraft:the_nether
[22:33:21] [Server thread/INFO]: Saving chunks for level 'ServerLevel[UI Void]'/minecraft:the_end
[22:33:32] [Server thread/INFO]: [IconCapture: Set minecraft:overworld to time marker minecraft:noon]
[22:33:32] [Render thread/INFO]: [System] [CHAT] Set minecraft:overworld to time marker minecraft:noon
[22:33:36] [Server thread/INFO]: [IconCapture: Teleported IconCapture to 0.500000, -60.000000, 0.500000]
[22:33:36] [Render thread/INFO]: [System] [CHAT] Teleported IconCapture to 0.500000, -60.000000, 0.500000
[22:33:41] [Render thread/INFO]: [System] [CHAT] Saved screenshot as 2026-09-12_22.33.40.png
[22:33:45] [Render thread/INFO]: [System] [CHAT] Saved screenshot as 2026-09-12_22.33.44.png
[22:34:05] [Render thread/INFO]: [System] [CHAT] Saved screenshot as 2026-09-12_22.34.04.png
[22:34:07] [Render thread/INFO]: [System] [CHAT] Expected whitespace to end one argument, but found trailing data
[22:34:07] [Render thread/INFO]: [System] [CHAT] home t/time set noon<--[HERE]
[22:34:11] [Server thread/INFO]: [IconCapture: Set the weather to clear]
[22:34:11] [Render thread/INFO]: [System] [CHAT] Set the weather to clear
[22:34:15] [Server thread/INFO]: [IconCapture: The game is frozen]
[22:34:15] [Render thread/INFO]: [System] [CHAT] The game is frozen
[22:34:19] [Server thread/INFO]: [IconCapture: Teleported IconCapture to 0.500000, -60.000000, 0.500000]
[22:34:19] [Render thread/INFO]: [System] [CHAT] Teleported IconCapture to 0.500000, -60.000000, 0.500000
[22:34:27] [Render thread/INFO]: [System] [CHAT] Saved screenshot as 2026-09-12_22.34.26.png
[22:34:31] [Render thread/INFO]: [System] [CHAT] Saved screenshot as 2026-09-12_22.34.30.png
[22:34:34] [Render thread/INFO]: [System] [CHAT] Saved screenshot as 2026-09-12_22.34.34.png
[22:34:38] [Render thread/INFO]: [System] [CHAT] Saved screenshot as 2026-09-12_22.34.37.png
[22:34:42] [Render thread/INFO]: [System] [CHAT] Saved screenshot as 2026-09-12_22.34.41.png
[22:34:45] [Render thread/INFO]: [System] [CHAT] Saved screenshot as 2026-09-12_22.34.44.png
[22:34:47] [Render thread/INFO]: [System] [CHAT] Unknown or incomplete command. See below for error
[22:34:47] [Render thread/INFO]: [System] [CHAT] tprequestt/time set noon<--[HERE]
[22:34:51] [Server thread/INFO]: [IconCapture: Set the weather to clear]
[22:34:51] [Render thread/INFO]: [System] [CHAT] Set the weather to clear
[22:34:54] [Server thread/INFO]: [IconCapture: The game is frozen]
[22:34:54] [Render thread/INFO]: [System] [CHAT] The game is frozen
[22:34:58] [Server thread/INFO]: [IconCapture: Teleported IconCapture to 0.500000, -60.000000, 0.500000]
[22:34:58] [Render thread/INFO]: [System] [CHAT] Teleported IconCapture to 0.500000, -60.000000, 0.500000
[22:35:07] [Render thread/INFO]: [System] [CHAT] Saved screenshot as 2026-09-12_22.35.06.png
[22:35:11] [Render thread/INFO]: [System] [CHAT] Saved screenshot as 2026-09-12_22.35.10.png
[22:35:14] [Render thread/INFO]: [System] [CHAT] Saved screenshot as 2026-09-12_22.35.14.png
[22:35:18] [Render thread/INFO]: [System] [CHAT] Saved screenshot as 2026-09-12_22.35.17.png
[22:35:22] [Render thread/INFO]: [System] [CHAT] Saved screenshot as 2026-09-12_22.35.21.png
[22:35:25] [Render thread/INFO]: [System] [CHAT] Saved screenshot as 2026-09-12_22.35.24.png
[22:35:27] [Render thread/INFO]: [System] [CHAT] Expected whitespace to end one argument, but found trailing data
[22:35:27] [Render thread/INFO]: [System] [CHAT] home baset/time set noon<--[HERE]
[22:35:31] [Server thread/INFO]: [IconCapture: Set the weather to clear]
[22:35:31] [Render thread/INFO]: [System] [CHAT] Set the weather to clear
[22:35:35] [Server thread/INFO]: [IconCapture: The game is frozen]
[22:35:35] [Render thread/INFO]: [System] [CHAT] The game is frozen
[22:35:39] [Server thread/INFO]: [IconCapture: Teleported IconCapture to 0.500000, -60.000000, 0.500000]
[22:35:39] [Render thread/INFO]: [System] [CHAT] Teleported IconCapture to 0.500000, -60.000000, 0.500000
[22:35:47] [Render thread/INFO]: [System] [CHAT] Saved screenshot as 2026-09-12_22.35.46.png
[22:35:51] [Render thread/INFO]: [System] [CHAT] Saved screenshot as 2026-09-12_22.35.50.png
[22:35:54] [Render thread/INFO]: [System] [CHAT] Saved screenshot as 2026-09-12_22.35.54.png
[22:35:58] [Render thread/INFO]: [System] [CHAT] Saved screenshot as 2026-09-12_22.35.57.png
[22:36:02] [Render thread/INFO]: [System] [CHAT] Saved screenshot as 2026-09-12_22.36.01.png
[22:36:28] [Render thread/INFO]: [System] [CHAT] Saved screenshot as 2026-09-12_22.36.27.png
[22:36:30] [Render thread/INFO]: [System] [CHAT] Unknown or incomplete command. See below for error
[22:36:30] [Render thread/INFO]: [System] [CHAT] spawnoft/time set noon<--[HERE]
[22:36:34] [Server thread/INFO]: [IconCapture: Teleported IconCapture to 0.500000, -60.000000, 0.500000]
[22:36:34] [Render thread/INFO]: [System] [CHAT] Teleported IconCapture to 0.500000, -60.000000, 0.500000
[22:36:36] [Server thread/INFO]: Saving and pausing game...
[22:36:36] [Server thread/INFO]: Saving chunks for level 'ServerLevel[UI Void]'/minecraft:overworld
[22:36:36] [Server thread/INFO]: Saving chunks for level 'ServerLevel[UI Void]'/minecraft:the_nether
[22:36:36] [Server thread/INFO]: Saving chunks for level 'ServerLevel[UI Void]'/minecraft:the_end
[22:36:39] [Render thread/INFO]: [System] [CHAT] Saved screenshot as 2026-09-12_22.36.39.png
[22:36:43] [Render thread/INFO]: [System] [CHAT] Saved screenshot as 2026-09-12_22.36.42.png
